border_size=1
usage=map

Hh          , Mm          , Hh          , Re          , Re          , Mm          , Mm          , Mm          , Mm          , Mm          , Mm          , Re          , Mm          , Mm          , Mm          , Mm          , Mm          , Mm          , Mm          , Mm          , Mm          , Mm          , Hh          , Hh          , Hh          , Aa          , Aa          , Aa          , Hh          , Hh          , Aa          , Aa          , Mm          , Mm          , Mm          , Aa          , Aa          , Aa          , Aa          , Aa          , Ha          , Ha          , Aa          , Aa          , Gs^Fp       , Gg          , Gs^Fp       , Gg          , Gg          , Gs^Fp       , Gs^Fp       , Gs^Fp       , Gs^Fp       , Gs^Fp       , Gs^Fp       , Gs^Fp       , Gs^Fp       , Gs^Fp       , Gs^Fp       , Gs^Fp       
Hh          , Mm          , Hh          , Re          , Re          , Mm          , Mm          , Mm          , Mm          , Mm          , Mm          , Re          , Mm          , Mm          , Mm          , Mm          , Mm          , Mm          , Mm          , Mm          , Mm          , Mm          , Hh          , Hh          , Hh          , Aa          , Aa          , Aa          , Hh          , Hh          , Aa          , Aa          , Mm          , Mm          , Mm          , Aa          , Aa          , Aa          , Aa          , Aa          , Ha          , Ha          , Aa          , Aa          , Gs^Fp       , Gg          , Gs^Fp       , Gg          , Gg          , Gs^Fp       , Gs^Fp       , Gs^Fp       , Gs^Fp       , Gs^Fp       , Gs^Fp       , Gs^Fp       , Gs^Fp       , Gs^Fp       , Gs^Fp       , Gs^Fp       
Hh          , Mm          , Mm          , Mm          , Mm          , Re          , Mm          , Mm          , Mm          , Mm          , Re          , Re          , Hh^Vo       , Mm          , Mm          , Mm          , Mm          , Mm          , Mm          , Mm          , Mm          , Hh          , Hh          , Aa          , Aa          , Aa          , Aa          , Aa          , Aa          , Aa          , Aa          , Mm          , Aa          , Aa          , Mm          , Aa          , Aa          , Ha          , Ha          , Ha          , Ha          , Aa          , Aa          , Gg          , Gs^Fp       , Gs^Fp       , Gs^Fp       , Gs^Fp       , Gg          , Gs^Fp       , Gs^Fp       , Gs^Fp       , Gs^Fp       , Gs^Fp       , Gg^Fet      , Gs^Fp       , Gs^Fp       , Gs^Fp       , Gs^Fp       , Gs^Fp       
Re          , Mm          , Re          , Re          , Re          , Re          , Hh          , Mm          , Mm          , Hh          , Re          , Mm          , Mm          , Mm          , Mm          , Mm          , Mm          , Mm          , Mm          , Mm          , Hh          , Hh          , Aa          , Aa          , Aa          , Gs          , Hh          , Hh          , Hh          , Hh          , Hh          , Mm          , Aa          , Mm          , Aa          , Aa          , Aa          , Aa          , Aa          , Aa          , Aa          , Hh          , Gg          , Gg          , Gs^Fp       , Gg          , Gg          , Gs^Fp       , Gg          , Gg          , Gs^Fp       , Gs^Fp       , Gs^Fp       , Gs^Fp       , Gs^Fp       , Gs^Fp       , Gs^Fp       , Gs^Fp       , Gs^Fp       , Gs^Fp       
Hh          , Re          , Mm          , Mm          , Hh          , Re          , Hh          , Re          , Hh          , Co          , Hh          , Re          , Hh          , Re          , Re          , Mm          , Mm          , Mm          , Hh          , Hh          , Hh          , Gs          , Aa          , Aa          , Aa          , Aa          , Aa          , Mm          , Mm          , Mm          , Hh          , Mm          , Aa          , Gs          , Aa          , Aa          , Ai          , Gg          , Aa^Vea      , Aa          , Aa          , Gg          , Gg          , Gg          , Gs^Fp       , Gs^Fp       , Gg          , Gg          , Gg          , Gs^Fp       , Gs^Fp       , Gs^Fp       , Gs^Fp       , Gg^Fet      , Gs^Fp       , Gs^Fp       , Gs^Fp       , Gs^Fp       , Gs^Fp       , Gs^Fp       
Mm          , Mm          , Mm          , Hh          , Hh          , Hh^Vo       , Co          , Co          , Co          , Ko          , Co          , Co          , Co          , Hh          , Re          , Hh          , Mm          , Hh          , Hh          , Gs          , Mm          , Mm          , Aa          , Aa          , Aa          , Aa          , Aa          , Aa          , Mm          , Mm          , Mm          , Hh          , Aa          , Aa          , Aa          , Aa          , Ai          , Aa          , Aa          , Aa          , Gg          , Gg          , Gg          , Gg          , Gs^Fp       , Gs^Fp       , Gg          , Gs^Fp       , Gs^Fp       , Gs^Fp       , Gs^Fp       , Gs^Fp       , Gs^Fp       , Gs^Fp       , Gs^Fp       , Gs^Fp       , Gs^Fp       , Gs^Fp       , Gs^Fp       , Gs^Fp       
Hh          , Mm          , Hh          , Hh          , Re          , Hh          , Hh          , Hh          , Co          , Hh          , Co          , Hh          , Hh          , Hh          , Re          , Hh          , Mm          , Mm          , Hh          , Gs          , Mm          , Mm          , Gs          , Aa          , Aa          , Aa          , Aa          , Aa          , Aa          , Aa          , Hh          , Hh          , Aa          , Aa          , Aa          , Aa          , Gg          , Aa          , Aa          , Gg          , Gg          , Gg          , Gg          , Gg          , Gs^Fp       , Gs^Fp       , Gs^Fp       , Gs^Fp       , Gg^Fet      , Gs^Fp       , Gs^Fp       , Gs^Fp       , Gs^Fp       , Gs^Fp       , Gg^Ve       , Gs^Fp       , Gs^Fp       , Gs^Fp       , Gs^Fp       , Gs^Fp       
Hh          , Mm          , Hh          , Hh          , Re          , Gg^Vo       , Gg          , Hh          , Hh          , Hh          , Hh          , Hh          , Re          , Gg^Vo       , Gg          , Hh          , Hh          , Mm          , Hh          , Mm          , Gs          , Gs          , Mm          , Gs          , Mm          , Gs          , Aa          , Aa          , Mm          , Gs          , Aa          , Aa          , Aa          , Aa          , Aa          , Aa          , Aa          , Gg          , Aa          , Gg          , Gg          , Gg          , Gg^Ve       , Gg          , Ggf         , Gg          , Ggf         , Gs^Fp       , Gs^Fp       , Gs^Fp       , Gs^Fp       , Gs^Fp       , Gs^Fp       , Gs^Fp       , Gs^Fp       , Gs^Fp       , Gs^Fp       , Gs^Fp       , Gs^Fp       , Gs^Fp       
Mm          , Mm          , Mm          , Hh          , Hh          , Re          , Rd          , Re          , Rd          , Rd          , Rd          , Rd          , Rd          , Re          , Hh          , Hh          , Hh          , Hh          , Hh          , Hh          , Gs          , Mm          , Mm          , Gs          , Gs          , Mm          , Mm          , Mm          , Aa          , Aa          , Aa          , Aa          , Aa          , Gg          , Gg^Vh       , Aa          , Gg          , Gg          , Gg          , Gg          , Ggf         , Ggf         , Ggf         , Gg          , Gs^Fp       , Gs^Fp       , Gs^Fp       , Gg          , Gs^Fp       , Gs^Fp       , Ggf         , Gs^Fp       , Ggf         , Ggf         , Gs^Fp       , Gs^Fp       , Gs^Fp       , Gs^Fp       , Gs^Fp       , Gs^Fp       
Hh          , Mm          , Mm          , Hh          , Rd          , Rd          , Gg^Vo       , Rd          , Gg          , Rd          , Hh^Vo       , Hh          , Hh          , Rd          , Rd          , Hh          , Hh          , Hh          , Mm          , Hh          , Mm          , Mm          , Mm          , Gs          , Aa          , Aa          , Aa          , Mm          , Aa          , Aa          , Aa          , Aa          , Gg          , Gg          , Gg          , Gs          , Gg          , Ggf         , Ggf         , Ggf         , Gg          , Gg          , Gg          , Gg          , Gg          , Gs^Fp       , Gg          , Gg          , Gg          , Gg          , Gs^Fp       , Gg^Fet      , Gs^Fp       , Gs^Fp       , Gs^Fp       , Gs^Fp       , Gg^Fet      , Gs^Fp       , Gs^Fp       , Gs^Fp       
Mm          , Mm          , Mm          , Mm          , Rd          , Hh          , Hh          , Gg          , Hh          , Hh          , Hh          , Hh          , Hh          , Hh          , Rd          , Hh          , Mm          , Mm          , Hh          , Mm          , Mm          , Mm          , Gs          , Aa          , Aa          , Aa          , Aa          , Aa          , Aa          , Aa          , Aa          , Gg          , Gg          , Gg          , Gg          , Gg          , Gs          , Gg          , Gg          , Gg          , Gg          , Gg          , Gg          , Gg          , Gg          , Gs^Fp       , Gs^Fp       , Gs^Fp       , Gg          , Gs^Fp       , Gs^Fp       , Gs^Fp       , Gs^Fp       , Gs^Fp       , Gs^Fp       , Gs^Fp       , Gs^Fp       , Gg^Ve       , Gs^Fp       , Gs^Fp       
Hh          , Mm          , Re          , Rd          , Hh          , Hh          , Hh          , Hh          , Hh          , Hh          , Hh          , Re          , Hh          , Hh          , Hh          , Rd          , Re          , Hh          , Rd          , Gs          , Mm          , Mm          , Aa          , Aa          , Aa          , Aa          , Aa          , Aa          , Ww          , Ww          , Aa          , Aa          , Aa          , Aa          , Gs          , Gs          , Gs          , Gg          , Gg          , Gg          , Gg          , Gg          , Gg^Vh       , Gg          , Gg          , Gg          , Gs^Fp       , Gg          , Gs^Fp       , Gs^Fp       , Gs^Fp       , Gs^Fp       , Gs^Fp       , Gs^Fp       , Gs^Fp       , Gs^Fp       , Gs^Fp       , Gs^Fp       , Gs^Fp       , Gs^Fp       
Hh          , Hh          , Gg          , Rd          , Rd          , Hh          , Hh          , Hh          , Hh          , Hh          , Hh          , Hh          , Hh          , Hh          , Hh          , Rd          , Rd          , Re          , Gs          , Gs          , Gs          , Hh          , Gs          , Gs          , Aa          , Aa          , Ai          , Ai          , Ai          , Ww          , Aa          , Aa          , Aa          , Aa          , Aa          , Aa          , Aa          , Gs          , Gs          , Gg          , Gg          , Gg          , Gg          , Gg          , Gg          , Gs^Fp       , Gg          , Gg          , Gg          , Gs^Fp       , Gs^Fp       , Gg^Ve       , Gs^Fp       , Gs^Fp       , Gs^Fp       , Gs^Fp       , Gs^Fp       , Gs^Fp       , Gs^Fp       , Gs^Fp       
Re          , Re          , Re          , Re          , Hh          , Rd          , Rd          , Gg          , Gg          , Gg^Vo       , Gg          , Hh          , Gg          , Hh          , Hh          , Hh          , Rd          , Gs          , Gs          , Gs          , Gs          , Hh          , Gs          , Gs          , Rd          , Rr          , Aa          , Aa          , Aa          , Ai          , Ai          , Aa          , Aa          , Aa          , Aa          , Aa          , Aa          , Gs          , Gs          , Gg          , Gg          , Gg          , Gg          , Gg          , Gg          , Gs^Fp       , Gs^Fp       , Gg          , Gs^Fp       , Gs^Fp       , Gs^Fp       , Gs^Fp       , Gs^Fp       , Gs^Fp       , Gg^Ve       , Gs^Fp       , Gs^Fp       , Gs^Fp       , Gs^Fp       , Gs^Fp       
Gg          , Hh          , Hh          , Hh          , Hh          , Hh          , Rd          , Hh          , Hh          , Gg          , Re          , Re          , Gg^Vo       , Hh          , Gs          , Re          , Gs          , Rd          , Rd          , Hh          , Gs          , Hh          , Gs          , Rd          , Gs          , Aa          , Aa          , Aa          , Aa          , Ww          , Ai          , Aa          , Aa          , Aa          , Aa          , Gs          , Gs          , Gs          , Gg          , Gg          , Gg          , Gg          , Gg          , Gg          , Gg          , Gs^Fp       , Gs^Fp       , Gg          , Gg          , Gs^Fp       , Gs^Fp       , Gs^Fp       , Gs^Fp       , Gs^Fp       , Gs^Fp       , Gs^Fp       , Gs^Fp       , Gs^Fp       , Gs^Fp       , Gs^Fp       
Gg          , Gg          , Gg          , Gg          , Gg          , Rd          , Hh          , Gg          , Hh          , Hh          , Gs          , Hh          , Hh          , Hh          , Gs          , Gs          , Gs          , Gs          , Gs          , Rd          , Rd          , Gs          , Rd          , Rd          , Gs          , Gs          , Aa          , Aa          , Aa          , Aa          , Aa          , Ai          , Ai          , Aa          , Aa          , Aa          , Gs          , Gs          , Gs          , Gg          , Gg          , Gg          , Gg          , Gg^Ve       , Gg          , Gg          , Gs^Fp       , Gs^Fp       , Gg          , Gg          , Gs^Fp       , Gs^Fp       , Gg^Fet      , Gs^Fp       , Gs^Fp       , Gs^Fp       , Gs^Fp       , Gs^Fp       , Gs^Fp       , Gs^Fp       
Gg          , Hh          , Hh          , Gg          , Hh          , Rd          , Gg          , Hh          , Gs          , Gs          , Gs          , Gs          , Gs          , Gs          , Gs          , Gs          , Hh          , Gs          , Gg          , Gg          , Hh          , Rd          , Gs          , Gs          , Gs          , Aa          , Aa          , Aa          , Aa          , Aa          , Aa          , Aa          , Aa          , Rr          , Rd          , Gs          , Rd          , Gs          , Gs          , Gg          , Gg          , Gg          , Gg          , Gg          , Gg          , Gg          , Gg          , Gs^Fp       , Gs^Fp       , Gg          , Gg          , Gs^Fp       , Gs^Fp       , Gs^Fp       , Cv          , Gs^Fp       , Cv          , Gs^Fp       , Gs^Fp       , Gs^Fp       
Gg          , Gg          , Gg          , Gs          , Gg          , Rd          , Rd          , Gg          , Gg          , Gg          , Gg          , Gs          , Gs          , Gs          , Gs          , Gg          , Gs          , Gs          , Gs          , Hh          , Hh          , Gs          , Gs          , Gs          , Gs          , Gs          , Gs          , Aa          , Aa          , Aa          , Aa          , Gs          , Aa          , Aa          , Gs          , Rd          , Gs          , Rd          , Rd          , Gg          , Gg          , Gg          , Gg          , Gg          , Gg          , Gg          , Gg          , Gs^Fp       , Gs^Fp       , Gs^Fp       , Ggf         , Gs^Fp       , Gs^Fp       , Cv          , Gg^Ve       , Cv          , Gg^Ve       , Cv          , Gs^Fp       , Gs^Fp       
Gg          , Gg          , Gg          , Gg          , Gg          , Gs          , Rd          , Gg          , Gg          , Gg          , Gs          , Gs          , Gs          , Gs          , Gs          , Gs          , Gs          , Gs          , Gs          , Hh          , Gg          , Gs          , Gs          , Gs          , Gs          , Gs          , Aa          , Aa          , Aa          , Aa          , Gs          , Gs          , Gs          , Gs          , Gs          , Gs          , Gs          , Gs          , Gg          , Rd          , Rd          , Rd          , Rd          , Gg          , Rd          , Gg          , Gg          , Gg          , Gg^Ve       , Gs^Fp       , Gg          , Gs^Fp       , Gs^Fp       , Cv          , Gg^Ve       , Kv          , Gg^Ve       , Cv          , Gs^Fp       , Gs^Fp       
Gg          , Gg          , Gg          , Gg          , Gg          , Gg          , Rd          , Gg          , Gs          , Gg          , Gs          , Gg          , Gs          , Gs          , Gs          , Gs          , Gs          , Gs          , Gg          , Gg          , Gs          , Gg          , Gs          , Gs          , Gs          , Gs          , Gs          , Aa          , Aa          , Gs          , Gs          , Gs          , Gs          , Gs          , Gs          , Gs          , Gg          , Gg          , Gg          , Gg          , Gg          , Gg          , Gg          , Rd          , Gg          , Rd          , Rd          , Rd          , Gs^Fp       , Ggf         , Gg          , Gg          , Gs^Fp       , Cv          , Cv          , Cv          , Cv          , Cv          , Gs^Fp       , Gs^Fp       
Gs          , Gs          , Gs          , Gg          , Gg          , Gg          , Gg          , Rd          , Rd          , Gs          , Gg          , Gs          , Gs          , Gs          , Gs          , Gs          , Gs          , Gs          , Gg          , Gs          , Gs          , Gs          , Gs          , Gs          , Gs          , Gs          , Gs          , Gs          , Gs          , Gs          , Gs          , Gs          , Gs          , Gs          , Gs          , Gs          , Gg          , Gs          , Gg          , Gg          , Gg^Vc       , Gg          , Gg          , Gg          , Gg          , Gg          , Rd          , Gg          , Gs^Fp       , Gg          , Gs^Fp       , Gg          , Gs^Fp       , Gs^Fp       , Gs^Fp       , Gs^Fp       , Gs^Fp       , Gs^Fp       , Gs^Fp       , Gs^Fp       
Gs          , Gs          , Gs          , Gs          , Gs          , Gs          , Gs          , Gs          , Gs          , Rd          , Rd          , Gs          , Gs          , Gs          , Gs          , Gs          , Gg          , Gg          , Gg^Vc       , Gg          , Gg          , Gs          , Gs          , Gs          , Gs          , Gs          , Gs          , Gs          , Gs          , Gs          , Gs          , Gs          , Gs          , Gs          , Gg          , Gg          , Gs          , Gs          , Gg          , Gg          , Gg          , Gg          , Gg          , Gg          , Gg          , Gg          , Rd          , Gg          , Gg          , Gs^Fp       , Gs^Fp       , Gg          , Ggf         , Gs^Fp       , Gs^Fp       , Gg^Fet      , Gs^Fp       , Gg^Ve       , Gs^Fp       , Gs^Fp       
Gs          , Aa          , Aa          , Gs          , Gs          , Gs          , Gs          , Gs          , Gs          , Gs          , Ds          , Gs          , Gs          , Gs          , Gs          , Gs          , Gs          , Gg          , Gg          , Gg          , Gs          , Gs          , Gs          , Gs          , Gs          , Gs          , Gs          , Gs          , Gs          , Gs          , Gs          , Gs          , Gg^Vc       , Gg          , Gg          , Gg          , Gg          , Gg          , Gg          , Gg          , Gg          , Gg          , Gg          , Gg          , Gg          , Gg          , Gg          , Rd          , Gg          , Gg          , Gg          , Gs^Fp       , Gs^Fp       , Gg          , Gg          , Gs^Fp       , Ggf         , Gs^Fp       , Gs^Fp       , Gs^Fp       
Gs          , Aa          , Aa          , Aa          , Aa          , Gs          , Gs          , Gs          , Gs          , Gs          , Ds          , Gs          , Gs          , Gs          , Gs          , Gs          , Gg          , Gg          , Gs          , Gs          , Gs          , Gs          , Gs          , Gs          , Gs          , Gs          , Gs          , Gs          , Gs          , Gs          , Gg          , Gg          , Gg          , Gg          , Gg          , Gg          , Gg          , Gg          , Gg          , Gg          , Gg          , Gg          , Gg          , Gg          , Gg          , Gg          , Rd          , Rd          , Gg          , Gg          , Gg          , Gs^Fp       , Gg^Fet      , Gs^Fp       , Gs^Fp       , Ggf         , Gs^Fp       , Gs^Fp       , Gs^Fp       , Gs^Fp       
Ds          , Gs          , Aa          , Aa          , Aa          , Aa          , Aa          , Gs          , Gs          , Gs          , Gs          , Ds          , Gs          , Gs          , Gs          , Gs          , Gs          , Gg          , Gs          , Gs          , Gs          , Gs          , Gs          , Gs          , Gs          , Gs          , Gg          , Gs          , Gs          , Gg          , Gs          , Gg          , Gs          , Gg          , Gg          , Gg          , Gg          , Gg          , Gg          , Gg          , Gg          , Gg          , Gg          , Gg          , Gg          , Rd          , Gg          , Gg          , Gg          , Gg          , Gg          , Gs^Fp       , Gs^Fp       , Gs^Fp       , Gs^Fp       , Gs^Fp       , Gs^Fp       , Gs^Fp       , Gs^Fp       , Gs^Fp       
Ds          , Gs          , Aa          , Aa          , Aa          , Aa          , Gs          , Gs          , Gs          , Gs          , Gs          , Ds          , Gs          , Gs          , Gs          , Gs          , Gs          , Gs          , Gs          , Gs          , Gs          , Gs          , Gg          , Gg          , Gg          , Gg          , Gg          , Gg          , Gs          , Gg          , Gg          , Gg          , Gg          , Gg          , Gg          , Gg          , Gg          , Gg          , Gg          , Gg          , Gg          , Gg          , Gg          , Gg          , Gg          , Rd          , Gg          , Gg^Vh       , Gg          , Gg          , Gg          , Gs^Fp       , Gs^Fp       , Gs^Fp       , Gs^Fp       , Gg          , Gs^Fp       , Gg          , Gs^Fp       , Gs^Fp       
Ds          , Gs          , Aa          , Aa          , Aa          , Aa          , Aa          , Gs          , Gs          , Gs          , Gs          , Rd          , Gg          , Gs          , Gs          , Gs          , Gs          , Gs          , Gs          , Gs          , Gs          , Gg          , Gs          , Gs          , Gg          , Gg^Vc       , Gg          , Gg          , Gs          , Gg          , Gg          , Gg          , Gg          , Gg          , Gg          , Gg          , Gg          , Gg          , Gg          , Gg          , Gg          , Gg          , Gg          , Gg          , Gg          , Rd          , Rd          , Gg          , Gg          , Gg          , Gg          , Gg          , Gs^Fp       , Gg          , Gs^Fp       , Gs^Fp       , Gs^Fp       , Gg^Fet      , Gs^Fp       , Gs^Fp       
Gs          , Gs          , Aa          , Aa          , Aa          , Aa          , Aa          , Aa          , Gs          , Gs          , Gg          , Rd          , Gg^Vh       , Gg          , Gg          , Gs          , Gs          , Gs          , Gs          , Gs          , Gg          , Gg          , Gg          , Gg          , Ww          , Gg          , Gg          , Gg          , Gg          , Gg          , Gg          , Gg          , Gg          , Gg          , Gg          , Gg          , Gg          , Gg          , Gg^Vh       , Gg          , Gg          , Gg          , Gg          , Gg          , Gg          , Gg          , Gg          , Rd          , Gg          , Gg          , Gg          , Gg          , Gs^Fp       , Gs^Fp       , Gs^Fp       , Gs^Fp       , Gs^Fp       , Gs^Fp       , Gs^Fp       , Gs^Fp       
Gs          , Gs          , Aa          , Aa          , Aa          , Aa          , Aa          , Gs          , Gs          , Gs          , Gg          , Rd          , Gg          , Gg          , Gg          , Gs          , Gg          , Gg          , Gg          , Gs          , Gg          , Gg          , Ww          , Ww          , Gg          , Ww          , Ww          , Gs          , Gg          , Gg          , Gg          , Gg          , Gg          , Gg          , Gg          , Gg          , Gg          , Gg          , Gg          , Gg          , Gg          , Gg          , Gg          , Gg          , Gg          , Gg          , Gg          , Rd          , Gg          , Gg          , Gg          , Gg          , Gs^Fp       , Gs^Fp       , Gg          , Gs^Fp       , Gs^Fp       , Gg          , Gs^Fp       , Gs^Fp       
Gs          , Aa          , Aa          , Aa          , Aa          , Gs          , Gs          , Gs          , Gg          , Gs          , Gg          , Rd          , Gg          , Gs          , Gs          , Gs          , Gg          , Gs          , Gg          , Gg          , Ww          , Ww          , Gg          , Gg          , Gg          , Gg          , Gg          , Ww          , Ww          , Ww          , Ww          , Ww          , Ww          , Gg          , Gg          , Gg          , Gg          , Gg          , Gg          , Gg          , Gg          , Gg          , Gg          , Gg          , Gg          , Gg          , Gg          , Rd          , Gg          , Gg          , Gg          , Gg          , Gg          , Gg          , Gg          , Gg          , Gg          , Gg          , Ww          , Ww          
Gg          , Gg          , Gs          , Gs          , Gs          , Gs          , Gs          , Gs          , Gg          , Gs          , Gg          , Rd          , Gg          , Gg          , Gg          , Gg          , Gg          , Gg          , Ww          , Ww          , Gg          , Gg          , Gg          , Gg          , Gg          , Gs          , Gg          , Gg          , Gg          , Gg          , Gg          , Gg          , Gg          , Ww          , Ww          , Gg          , Gg          , Gg          , Gg          , Gg          , Gg          , Gg          , Gg          , Gg          , Gg          , Gg          , Ww          , Ww^Bw|      , Ww          , Ww          , Ww          , Gg          , Gg          , Gg          , Gg          , Gg          , Ww          , Ww          , Gg          , Gg          
Rp          , Rp          , Gg          , Gs          , Gg          , Gs          , Gg          , Gg          , Gs          , Gg          , Gg          , Rd          , Gg          , Gg          , Gg          , Gg          , Gs          , Gg          , Ww          , Gg          , Gg          , Gg          , Gg          , Gg          , Gg          , Gg          , Gg^Vh       , Gg          , Gg          , Gg          , Gg          , Gg          , Gg          , Gg          , Gg          , Ww          , Ww          , Gg          , Gg          , Gg          , Gg          , Gg          , Gg          , Gg          , Wwf         , Ww          , Gg          , Rd          , Gg          , Gg          , Gg          , Ww          , Ww          , Gg          , Ww          , Ww          , Gg          , Gg          , Gg          , Gg          
Gg          , Gs          , Rp          , Rp          , Rp          , Rp          , Rp          , Rp          , Rp          , Gg          , Gg          , Rd          , Gg          , Gg          , Gg          , Gg          , Gg          , Gg          , Gs          , Ww          , Gg          , Gg          , Gg          , Gg          , Gg          , Gg          , Gg          , Gg          , Gg          , Gg          , Gg          , Gg          , Gg          , Gg          , Gg          , Gg          , Gg          , Ww          , Ww          , Gg          , Gg          , Gg          , Ww          , Ww          , Gg          , Gs          , Gg          , Rd          , Rd          , Gg          , Gg          , Gg          , Gg          , Ww          , Gg^Vh       , Gg          , Gg          , Gg          , Gg          , Gg          
Gs          , Gg          , Gg          , Gg          , Gg          , Gg          , Gg          , Gg          , Gg          , Rp          , Gs          , Rr          , Rd          , Gg          , Gg          , Gg          , Gg          , Gg          , Ww          , Ww          , Gg          , Gg          , Gg          , Gg          , Gg          , Gg          , Gg          , Gg          , Gg          , Gg          , Gg          , Gg          , Gg          , Gg          , Gg          , Gg          , Gg          , Gg          , Gg          , Ww          , Ww          , Wwf         , Gs          , Gg          , Gg          , Gs          , Gg          , Gg          , Gg          , Rd          , Gg          , Gg          , Gg          , Gg          , Gg          , Gg          , Gg          , Gg          , Gg          , Gg          
Gg          , Gg          , Gg          , Gg          , Gg          , Gg          , Gg          , Gg          , Gg          , Gg          , Gg          , Gg          , Gg          , Rr          , Ww^Bw\      , Ww          , Ww          , Ww          , Gg          , Gg          , Gg          , Gg          , Gg          , Gg          , Gg          , Gg          , Gg          , Gg          , Gg          , Gg          , Gg          , Gg          , Gg          , Gg          , Gg          , Gg          , Rr          , Gg^Vh       , Rr          , Gg          , Gg          , Gg          , Gs          , Gg^Vh       , Gg          , Chr         , Chs         , Chr         , Rp          , Rr          , Rp          , Ggf         , Rp          , Rp          , Rp          , Gg          , Gg          , Gg          , Gg          , Gg          
Gg          , Gg          , Gg          , Gg          , Gg          , Gg          , Gg          , Gg          , Gg          , Gg          , Ww          , Ww          , Ww          , Ww          , Ww          , Rr          , Rr          , Gg          , Gg^Vh       , Gg          , Gs          , Gg          , Gg          , Gg          , Gg          , Gg          , Gg          , Gg          , Gg          , Gg          , Gg          , Gg          , Rr          , Rr          , Rr          , Rr          , Gg          , Rr          , Gg          , Rr          , Rr          , Gg          , Gg          , Gs          , Chr         , Chs         , Khs         , Chs         , Chr         , Rd          , Gg          , Gg^Vh       , Gg          , Gg          , Gg          , Rp          , Rp          , Rp          , Rp          , Rp          
Gg          , Gg          , Gg          , Gg          , Gg          , Gg          , Gg          , Gg          , Ww          , Ww          , Gg          , Gg          , Gg          , Gg          , Gg          , Gg          , Gg          , Rr          , Rr          , Rr          , Rr          , Rr          , Rr          , Gg          , Gg          , Gg          , Gg          , Gg          , Rr          , Rr          , Rr          , Rr          , Gg^Vh       , Gg          , Gg          , Gg          , Gg          , Gg          , Re^Gvs      , Gg          , Gg          , Rr          , Rr          , Gg          , Rp          , Chs         , Chs         , Chs         , Gg          , Rd          , Gg          , Gg          , Re^Gvs      , Re^Gvs      , Re^Gvs      , Gg          , Gg          , Gg          , Gg          , Gg          
Ww          , Gg          , Ww          , Gg          , Ww          , Ww          , Ww          , Ww          , Gg          , Gg          , Gg          , Gg          , Gg          , Gg          , Gg          , Gs          , Gg          , Gg          , Gg          , Gg          , Gg          , Gg          , Gg          , Rr          , Rr          , Rr          , Rr          , Rr          , Gg          , Gg          , Gg          , Gg          , Gg          , Gg          , Gg          , Gg          , Re^Gvs      , Re^Gvs      , Re^Gvs      , Re^Gvs      , Re^Gvs      , Gg          , Gg          , Rr          , Rd          , Chr         , Gg^Vh       , Chr         , Rd          , Rd          , Gg          , Re^Gvs      , Re^Gvs      , Re^Gvs      , Re^Gvs      , Re^Gvs      , Gg          , Gg          , Gg          , Gg          
Gg          , Ww          , Gg          , Ww          , Gg          , Ww          , Gg          , Gg          , Gg          , Gs          , Gg          , Gg          , Gg          , Gg          , Gg          , Gg          , Gg          , Gg          , Gg          , Gg          , Gg          , Gg          , Gg          , Gg          , Gg          , Gg          , Gg          , Gg          , Gg          , Gg          , Gg          , Gg          , Gg          , Gg          , Gg          , Gg          , Gg          , Re^Gvs      , Re^Gvs      , Re^Gvs      , Gg          , Gg          , Gg          , Gg          , Gg          , Rd          , Rd          , Rd          , Gg          , Gg          , Gg          , Gg          , Gg          , Re^Gvs      , Gg          , Gg          , Gg          , Gg          , Gg          , Gg          
Gg          , Ww          , Gg          , Ww          , Gg          , Ww          , Gg          , Gg          , Gg          , Gs          , Gg          , Gg          , Gg          , Gg          , Gg          , Gg          , Gg          , Gg          , Gg          , Gg          , Gg          , Gg          , Gg          , Gg          , Gg          , Gg          , Gg          , Gg          , Gg          , Gg          , Gg          , Gg          , Gg          , Gg          , Gg          , Gg          , Gg          , Gg          , Gg          , Gg          , Gg          , Gg          , Gg          , Gg          , Gg          , Gg          , Gg          , Gg          , Gg          , Gg          , Gg          , Gg          , Gg          , Gg          , Gg          , Gg          , Gg          , Gg          , Gg          , Gg          
