border_size=1
usage=map

Xu          , Xu          , Xu          , Xu          , Xu          , Xu          , Xu          , Xu          , Xu          , Xu          , Xu          , Xu          , Xu          , Xu          , Xu          , Xu          , Xu          , Xu          , Xu          , Xu          , Xu          , Xu          , Xu          , Xu          , Xu          , Uh^Ii       , Xu          , Xu          , Xu          , Xu          , Gs^Fp       , Gs^Fp       , Gs^Fp       , Gs^Fp       , Gg^Ii       , Re^Ii       , Re^Ii       , Gg^Ii       , Gg^Ii       , Gg^Ii       
Xu          , Xu          , Xu          , Xu          , Xu          , Xu          , Xu          , Xu          , Xu          , Xu          , Xu          , Xu          , Xu          , Xu          , Xu          , Xu          , Xu          , Xu          , Xu          , Xu          , Xu          , Xu          , Xu          , Xu          , Xu          , Uh^Ii       , Xu          , Xu          , Xu          , Xu          , Gs^Fp       , Gs^Fp       , Gs^Fp       , Gs^Fp       , Gg^Ii       , Re^Ii       , Re^Ii       , Gg^Ii       , Gg^Ii       , Gg^Ii       
Xu          , Xu          , Xu          , Xu          , Xu          , Xu          , Xu          , Xu          , Xu          , Xu          , Xu          , Xu          , Xu          , Xu          , Xu          , Xu          , Xu          , Xu          , Xu          , Xu          , Xu          , Xu          , Xu          , Xu          , Xu          , Uh^Ii       , Xu          , Xu          , Xu          , Xu          , Gs^Fp       , Gs^Fp       , Gs^Fp       , Gg^Ii       , Gg^Ii       , Re^Ii       , Gg^Ii       , Gs^Fp       , Gs^Fp       , Gs^Fp       
Xu          , Xu          , Xu          , Uu^Uf       , Re^Uf       , Uu          , Xu          , Wo          , Wo          , Wo          , Xu          , Xu          , Xu          , Xu          , Xu          , Uh          , Uu^Vu       , Uu          , Uu^Uf       , Uh          , Uh          , Re          , Xu          , Uu          , Uh          , Uu^Ii       , Uh^Ii       , Uu^Ufi      , Uh^Ii       , Re^Ii       , Gg^Ii       , Gg^Ii       , Gg^Ii       , Re^Ii       , Re^Ii       , Xu          , Gg^Ii       , Xu          , Gs^Fp       , Gs^Fp       
Xu          , Xu          , Xu          , Uu          , Uu          , Wo          , Wo          , Ww          , Ww          , Wo          , Wo          , Xu          , Xu          , Xu          , Xu          , Uh          , Uu          , Uu          , Uu          , Uu          , Re          , Re          , Re          , Uu          , Uu^Uf       , Uu^Uf       , Uu^Ufi      , Rr^Ii       , Rr^Ii       , Rr^Ii       , Re^Ii       , Re^Ii       , Re^Ii       , Uh^Ii       , Xu          , Xu          , Xu          , Xu          , Xu          , Xu          
Xu          , Xu          , Xu          , Wo          , Ww^Bw\      , Ww          , Ww          , Ww          , Wo          , Xu          , Uu^Uf       , Xu          , Xu          , Xu          , Uh          , Uh          , Uu          , Uu^Uf       , Uu          , Uu          , Re          , Re          , Re          , Uu          , Rr          , Rr          , Uu^Ufi      , Rr^Ii       , Rr^Ii       , Uu^Ii       , Rr^Ii       , Uh^Ii       , Uh^Ii       , Xu          , Xu          , Xu          , Xu          , Xu          , Xu          , Xu          
Xu          , Xu          , Xu          , Wo          , Ww          , Ww          , Ww^Bw\      , Ww^Bw\      , Wo          , Uu          , Uu          , Uu          , Xu          , Ur          , Uu          , Ur          , Ur          , Ur          , Uu          , Uu          , Uu          , Uu          , Uu          , Rr          , Uu^Vud      , Rr          , Rr          , Rr          , Rr^Ii       , Uh^Ii       , Uh^Ii       , Uu^Ii       , Uu^Ii       , Xu          , Xu          , Xu          , Xu          , Xu          , Xu          , Xu          
Xu          , Xu          , Xu          , Xu          , Wo          , Wo          , Wo          , Rd          , Uu          , Uh          , Uh          , Xu          , Uu          , Uh          , Ur          , Uu          , Uu          , Uu          , Ur          , Uu          , Uu          , Uu          , Re^Uf       , Rr          , Rr          , Rr          , Rr          , Uu^Uf       , Uu^Vu       , Uh^Ii       , Xu          , Xu          , Xu          , Xu          , Xu          , Xu          , Xu          , Xu          , Xu          , Xu          
Xu          , Xu          , Xu          , Xu          , Uu^Uf       , Uh          , Rd          , Xu          , Xu          , Xu          , Xu          , Re^Uf       , Uh          , Re          , Re^Uf       , Rr          , Rr          , Rr          , Rr          , Rr          , Rr          , Rr          , Rr          , Rr          , Rr          , Rr          , Rr          , Uu^Uf       , Uh          , Xu          , Xu          , Xu          , Xu          , Xu          , Xu          , Xu          , Xu          , Xu          , Xu          , Xu          
Xu          , Xu          , Xu          , Xu          , Xu          , Xu          , Rd          , Uu^Uf       , Xu          , Uu^Uf       , Xu          , Uu          , Re          , Rr          , Rr          , Uu          , Uu          , Re          , Uu          , Uu          , Rr          , Rr          , Rr          , Uu          , Uu          , Uu          , Uu          , Xu          , Xu          , Xu          , Xu          , Xu          , Xu          , Xu          , Xu          , Xu          , Xu          , Xu          , Xu          , Xu          
Xu          , Xu          , Xu          , Uh          , Uh          , Xu          , Rd          , Rd          , Re          , Uh          , Uh          , Rr          , Rr          , Re          , Uh          , Re          , Uu^Uf       , Re          , Re          , Uu          , Rr          , Rr          , Rr          , Uu          , Uu          , Uu          , Uu          , Uu          , Xu          , Uh          , Uh          , Xu          , Xu          , Xu          , Xu          , Xu          , Xu          , Xu          , Xu          , Xu          
Xu          , Xu          , Xu          , Uu^Uf       , Uu          , Uu          , Uh          , Rr          , Rr          , Rr          , Rr          , Re          , Xu          , Uh          , Uu^Uf       , Uu^Uf       , Re          , Uu^Uf       , Uh          , Uh          , Rr          , Rr          , Uu^Uf       , Uu          , Uh          , Uu          , Uu          , Uu          , Uu          , Uu          , Uu          , Xu          , Xu          , Xu          , Xu          , Xu          , Xu          , Xu          , Xu          , Xu          
Xu          , Xu          , Xu          , Rr          , Uh          , Rr          , Rr          , Uu          , Uu          , Re          , Re          , Re          , Xu          , Xu          , Uh          , Re          , Xu          , Xu          , Xu          , Xu          , Rr          , Rr          , Rr          , Uu^Uf       , Uh          , Xu          , Xu          , Xu          , Uu          , Uu          , Uu          , Xu          , Xu          , Uu          , Xu          , Uu          , Xu          , Xu          , Xu          , Xu          
Rr          , Rr          , Rr          , Uu^Uf       , Rr          , Rd          , Uu          , Xu          , Xu          , Xu          , Xu          , Xu          , Uh          , Uu^Uf       , Re          , Uh          , Xu          , Uh          , Uh          , Re          , Uu          , Rr          , Rr          , Re          , Xu          , Wo          , Wo          , Wo          , Xu          , Xu          , Uu          , Uu          , Uu          , Uu          , Uu          , Uu          , Uu          , Uu          , Xu          , Xu          
Xu          , Xu          , Xu          , Uh          , Uu^Uf       , Re^Uf       , Rd          , Re          , Xu          , Xu          , Xu          , Xu          , Re          , Uu^Uf       , Re          , Xu          , Xu          , Uu^Uf       , Uu^Uf       , Re^Uf       , Rr          , Rr          , Rr          , Re^Uf       , Xu          , Wo          , Xu          , Ww          , Xu          , Uu          , Xu          , Uu          , Uu          , Uu          , Xu          , Uu          , Uu          , Uu          , Xu          , Xu          
Xu          , Xu          , Xu          , Uh          , Re^Uf       , Uu^Uf       , Rd          , Rd          , Xu          , Uh          , Xu          , Uh          , Uh          , Xu          , Uh          , Re          , Uh          , Rr          , Uu          , Rr          , Rr          , Rr          , Re^Uf       , Re          , Xu          , Ww          , Ww          , Ww          , Ww          , Uu          , Uu          , Xu          , Xu          , Xu          , Xu          , Xu          , Xu          , Uu          , Uu          , Uu          
Xu          , Xu          , Xu          , Xu          , Uh          , Xu          , Uu          , Rd          , Uh          , Uu          , Re          , Xu          , Uh          , Xu          , Uu          , Re          , Rr          , Rr          , Rr          , Rr          , Rr          , Uu^Uf       , Re          , Uu          , Xu          , Uu          , Uu          , Xu          , Xu          , Uu          , Uu          , Xu          , Xu          , Xu          , Xu          , Xu          , Xu          , Xu          , Uu          , Uu          
Xu          , Xu          , Xu          , Xu          , Xu          , Xu          , Xu          , Uu          , Rd          , Uu          , Uh          , Re          , Re          , Uu          , Re^Uf       , Rr          , Rr          , Rr          , Rr          , Uu          , Uh          , Xu          , Uu          , Uu          , Uu          , Uu          , Xu          , Uu          , Xu          , Uu          , Uu          , Xu          , Xu          , Xu          , Xu          , Xu          , Xu          , Xu          , Uu          , Uu          
Uh          , Uh          , Uh          , Uh          , Xu          , Xu          , Xu          , Uu^Uf       , Rd          , Xu          , Xu          , Re          , Uu          , Cud         , Uu          , Rr          , Rr          , Re^Uf       , Re^Uf       , Uu          , Uu          , Uu^Uf       , Xu          , Xu          , Uu          , Uh          , Uu          , Uu          , Uu          , Uh          , Uu          , Xu          , Xu          , Xu          , Xu          , Xu          , Xu          , Xu          , Xu          , Xu          
Uu^Uf       , Uu^Uf       , Uu^Uf       , Uh          , Xu          , Ww          , Ww          , Uu          , Rd          , Rd          , Uu          , Uu          , Uu          , Rr          , Rr          , Rr          , Rr          , Rr          , Uu          , Uu          , Uu          , Xu          , Uu          , Uu          , Uu          , Uu          , Uu          , Uu^Uf       , Uu          , Uu^Vud      , Uu          , Xu          , Xu          , Xu          , Xu          , Xu          , Xu          , Xu          , Xu          , Xu          
Rr          , Rr          , Rr          , Rr          , Uu          , Uu          , Uu          , Rr          , Rr          , Rr          , Uu^Vud      , Rr          , Rr          , Rr          , Rr          , Rr          , Rr          , Cud         , Uu          , Uu          , Xu          , Xu          , Xu          , Xu          , Xu          , Xu          , Uu^Uf       , Uu^Uf       , Uu^Uf       , Uh          , Xu          , Xu          , Xu          , Xu          , Xu          , Xu          , Xu          , Xu          , Xu          , Xu          
Uu^Uf       , Uu^Uf       , Uu^Uf       , Uu^Uf       , Rr          , Rr          , Rr          , Cud         , Cud         , Cud         , Rr          , Rr          , Rr          , Rr          , Rr          , Rr          , Uu          , Uu          , Uu          , Xu          , Xu          , Xu          , Xu          , Xu          , Xu          , Xu          , Xu          , Xu          , Xu          , Xu          , Xu          , Xu          , Xu          , Xu          , Xu          , Xu          , Xu          , Xu          , Xu          , Xu          
Uh          , Uh          , Uh          , Uh          , Rr          , Rr          , Cud         , Rr          , Cud         , Rr          , Rr          , Rr          , Cud         , Rr          , Uu^Vu       , Uu          , Rr          , Rr          , Uu          , Rd          , Xu          , Xu          , Xu          , Uh          , Xu          , Uu^Uf       , Xu          , Uh          , Xu          , Xu          , Xu          , Xu          , Xu          , Xu          , Xu          , Xu          , Xu          , Xu          , Xu          , Xu          
Xu          , Xu          , Xu          , Xu          , Uu          , Rr          , Cud         , Rr          , Rr          , Rr          , Cud         , Kud         , Cud         , Rr          , Uu          , Xu          , Uu          , Xu          , Rd          , Re          , Rd          , Uu          , Uh          , Rd          , Rd          , Rd          , Uh          , Uu          , Uh          , Xu          , Xu          , Xu          , Xu          , Xu          , Xu          , Xu          , Xu          , Xu          , Xu          , Xu          
Xu          , Xu          , Xu          , Re          , Re          , Uh          , Rr          , Rr          , Cud         , Cud         , Rr          , Cud         , Cud         , Rr          , Uu          , Cud         , Xu          , Xu          , Xu          , Uu^Uf       , Rd          , Rd          , Rd          , Uu          , Rd          , Uu          , Rd          , Rd          , Uh          , Xu          , Xu          , Xu          , Xu          , Xu          , Xu          , Xu          , Xu          , Xu          , Xu          , Xu          
Uu          , Uu          , Uu          , Re          , Xu          , Xu          , Xu          , Xu          , Rr          , Rr          , Rr          , Rr          , Rr          , Rr          , Uu          , Uu          , Xu          , Uu          , Xu          , Uu          , Re          , Uh          , Uu          , Xu          , Xu          , Uu          , Re          , Rd          , Re          , Xu          , Xu          , Xu          , Xu          , Xu          , Xu          , Xu          , Xu          , Xu          , Xu          , Xu          
Qxu         , Qxu         , Qxu         , Uu          , Uu          , Uh          , Xu          , Xu          , Uu          , Uu^Uf       , Uu          , Uu^Vud      , Rr          , Rr          , Uu          , Uu          , Uu          , Ww          , Ww          , Ww          , Ww          , Wo          , Xu          , Xu          , Xu          , Uh          , Uu          , Rd          , Uu          , Uu^Uf       , Xu          , Xu          , Xu          , Xu          , Xu          , Xu          , Xu          , Xu          , Xu          , Xu          
Qxu         , Qxu         , Qxu         , Qxu         , Qxu         , Qxu         , Uu          , Xu          , Uu^Vud      , Xu          , Xu          , Xu          , Uu          , Rr          , Rr          , Uu          , Uu          , Xu          , Wo          , Wo          , Wo          , Xu          , Xu          , Xu          , Xu          , Uh          , Uh          , Rd          , Uu          , Uu          , Uh          , Xu          , Xu          , Xu          , Xu          , Xu          , Xu          , Xu          , Xu          , Xu          
Qxu         , Qxu         , Qxu         , Qxu         , Uh          , Re          , Uu          , Xu          , Xu          , Uh          , Xu          , Uu          , Uu          , Rr          , Rr          , Rd          , Uu          , Xu          , Xu          , Xu          , Xu          , Xu          , Xu          , Xu          , Xu          , Xu          , Uu          , Uu          , Rd          , Rd          , Rd          , Rd          , Xu          , Xu          , Xu          , Xu          , Xu          , Xu          , Xu          , Xu          
Xu          , Xu          , Xu          , Uu          , Uu          , Re          , Xu          , Xu          , Uh          , Uh          , Xu          , Uu          , Rr          , Xu          , Uu          , Rr          , Uu          , Uu          , Xu          , Xu          , Xu          , Xu          , Xu          , Xu          , Xu          , Ql          , Xu          , Xu          , Re          , Uh          , Re          , Rd          , Uu^Vu       , Uu          , Uh          , Uu^Vu       , Xu          , Xu          , Xu          , Xu          
Xu          , Xu          , Xu          , Uu          , Uu          , Uh          , Re          , Uu          , Uu          , Uu          , Xu          , Uu          , Rr          , Uu          , Uu          , Rr          , Rr          , Rr          , Uu          , Uu          , Xu          , Xu          , Xu          , Ql          , Ql          , Uu          , Ql          , Xu          , Xu          , Xu          , Uu          , Rd          , Re          , Uu^Uf       , Re          , Re          , Xu          , Xu          , Xu          , Xu          
Xu          , Xu          , Xu          , Re          , Re          , Uu          , Uu          , Uh          , Uu          , Xu          , Xu          , Re          , Rr          , Re          , Uu          , Uu          , Rr          , Uu          , Rr          , Uu          , Xu          , Xu          , Xu          , Ql          , Uu          , Ql          , Ql          , Xu          , Xu          , Uu          , Uu^Vu       , Rd          , Uu^Uf       , Uu          , Uu^Vu       , Re          , Xu          , Xu          , Xu          , Xu          
Xu          , Xu          , Xu          , Uh          , Xu          , Xu          , Uu          , Uu          , Uu          , Xu          , Xu          , Re          , Ur          , Re          , Xu          , Xu          , Uu          , Uu          , Rd          , Rr          , Uu          , Uu          , Xu          , Ur          , Ur          , Ql          , Xu          , Xu          , Xu          , Uu          , Rd          , Uu^Uf       , Uu^Uf       , Uu^Uf       , Re          , Uu^Vu       , Xu          , Xu          , Xu          , Xu          
Xu          , Xu          , Xu          , Xu          , Re          , Uu          , Xu          , Xu          , Xu          , Uu^Uf       , Re          , Ur          , Ur          , Xu          , Xu          , Xu          , Xu          , Xu          , Uu          , Rr          , Rr          , Rr          , Ur          , Xu          , Xu          , Xu          , Xu          , Xu          , Uu^Uf       , Xu          , Rd          , Rd          , Uu^Uf       , Re          , Re          , Re          , Xu          , Xu          , Xu          , Xu          
Xu          , Xu          , Xu          , Re          , Uh          , Xu          , Xu          , Uu          , Re^Uf       , Re^Uf       , Re^Uf       , Ur          , Xu          , Xu          , Xu          , Xu          , Xu          , Xu          , Uh          , Uu          , Rr          , Rr          , Uu          , Xu          , Xu          , Xu          , Xu          , Xu          , Xu          , Xu          , Uu^Vu       , Rd          , Uu          , Uu          , Re          , Uu^Vu       , Xu          , Xu          , Xu          , Xu          
Xu          , Xu          , Xu          , Re          , Xu          , Re          , Re          , Uu^Vud      , Uu          , Uu          , Uu          , Uu          , Ur          , Ur          , Xu          , Xu          , Xu          , Xu          , Xu          , Uu          , Uu          , Rd          , Uu          , Uu          , Xu          , Xu          , Xu          , Uh          , Xu          , Rd          , Xu          , Rd          , Re          , Uu^Vu       , Xu          , Xu          , Xu          , Xu          , Xu          , Xu          
Xu          , Xu          , Xu          , Uu          , Uu^Uf       , Uu          , Ww          , Ww          , Ww          , Ww          , Ww          , Ww          , Uu^Vu       , Ur          , Uu^Uf       , Uh          , Xu          , Xu          , Xu          , Xu          , Uu          , Rr          , Uu          , Uu          , Xu          , Xu          , Xu          , Uu          , Rd          , Uu          , Rd          , Uu          , Uu          , Xu          , Xu          , Xu          , Xu          , Qxu         , Qxu         , Qxu         
Xu          , Xu          , Xu          , Uu          , Uu          , Ww          , Ww          , Ww          , Ww          , Ww          , Wo          , Wo          , Ww          , Ur          , Uh          , Xu          , Xu          , Xu          , Xu          , Xu          , Uu          , Rr          , Rr          , Uu          , Xu          , Xu          , Xu          , Rd          , Rd          , Xu          , Uu          , Xu          , Xu          , Xu          , Xu          , Xu          , Qxu         , Qxu         , Qxu         , Qxu         
Xu          , Xu          , Xu          , Re          , Re          , Uu^Vud      , Ww          , Ww          , Ss          , Ww          , Ww          , Ww          , Ww          , Ur          , Re^Uf       , Uu^Uf       , Xu          , Xu          , Xu          , Xu          , Xu          , Uu          , Rr          , Uu          , Xu          , Xu          , Xu          , Rd          , Uu          , Xu          , Xu          , Uu^Uf       , Xu          , Uh          , Xu          , Uu          , Qxu         , Qxu         , Qxu         , Qxu         
Re^Uf       , Re^Uf       , Re^Uf       , Re          , Re          , Uu          , Rr          , Rr          , Uu^Vu       , Rr          , Rr          , Rr          , Uu^Vud      , Ur          , Uu          , Uh          , Uh          , Xu          , Xu          , Uh          , Xu          , Uh          , Rr          , Uu          , Uu          , Uu          , Uu          , Rr          , Uu          , Xu          , Xu          , Uu          , Uh          , Qxu         , Qxu         , Qxu         , Qxu         , Qxu         , Qxu         , Qxu         
Xu          , Xu          , Xu          , Uu^Uf       , Uu          , Uu          , Uu          , Ww          , Ww          , Ww          , Ww          , Ur          , Ur          , Uu          , Xu          , Xu          , Xu          , Xu          , Xu          , Uh          , Uu^Uf       , Rr          , Rr          , Rr          , Uu          , Uu          , Uu          , Rr          , Rr          , Uu          , Xu          , Uu          , Qxu         , Qxu         , Qxu         , Qxu         , Qxu         , Qxu         , Qxu         , Qxu         
Xu          , Xu          , Xu          , Uu^Uf       , Re          , Uu^Vu       , Ww          , Ww          , Wo          , Ww          , Uu^Vud      , Ur          , Uu          , Uu          , Xu          , Re          , Xu          , Uu          , Xu          , Rr          , Rd          , Uu          , Rr          , Uu          , Rr          , Rd          , Uu          , Uu          , Rr          , Uu          , Uu          , Chr         , Qxu         , Qxu         , Qxu         , Qxu         , Qxu         , Qxu         , Qxu         , Qxu         
Xu          , Xu          , Xu          , Re          , Re          , Uu          , Ww          , Re          , Ww          , Uu          , Uu          , Uu          , Ur          , Ur          , Ur          , Ur          , Rr          , Rr          , Rr          , Rr          , Uu          , Uu          , Rr          , Uu          , Uu          , Rr          , Rr          , Rr          , Rd          , Chr         , Uu          , Khr         , Qxu         , Qxu         , Qxu         , Qxu         , Qxu         , Qxu         , Qxu         , Qxu         
Xu          , Xu          , Xu          , Uu          , Re          , Re          , Uu          , Re          , Re          , Re          , Re          , Uu^Uf       , Uu          , Xu          , Re          , Re          , Rr          , Uu          , Uu          , Xu          , Uu          , Uu          , Rd          , Uu          , Uu          , Uu          , Uu          , Uu          , Uu          , Uu          , Chr         , Chr         , Qxu         , Qxu         , Qxu         , Qxu         , Qxu         , Qxu         , Qxu         , Qxu         
Xu          , Xu          , Xu          , Xu          , Uu^Vud      , Xu          , Re          , Re          , Uu^Vud      , Xu          , Uu^Uf       , Xu          , Xu          , Xu          , Xu          , Xu          , Xu          , Xu          , Xu          , Xu          , Xu          , Uu          , Rr          , Rr          , Uu          , Xu          , Uu          , Qxu         , Qxu         , Qxu         , Qxu         , Qxu         , Qxu         , Qxu         , Qxu         , Qxu         , Qxu         , Qxu         , Qxu         , Qxu         
Xu          , Xu          , Xu          , Xu          , Xu          , Xu          , Xu          , Xu          , Xu          , Xu          , Xu          , Xu          , Xu          , Xu          , Xu          , Xu          , Xu          , Xu          , Xu          , Xu          , Xu          , Uu          , Rr          , Rr          , Uu          , Xu          , Uu          , Qxu         , Qxu         , Qxu         , Qxu         , Qxu         , Qxu         , Qxu         , Qxu         , Qxu         , Qxu         , Qxu         , Qxu         , Qxu         
Xu          , Xu          , Xu          , Xu          , Xu          , Xu          , Xu          , Uh          , Xu          , Xu          , Xu          , Xu          , Xu          , Uu          , Xu          , Uu          , Xu          , Xu          , Xu          , Xu          , Xu          , Uu          , Rr          , Uu          , Uu          , Uu          , Uu          , Uu^Uf       , Qxu         , Qxu         , Qxu         , Qxu         , Qxu         , Qxu         , Qxu         , Qxu         , Qxu         , Qxu         , Qxu         , Qxu         
Xu          , Xu          , Xu          , Xu          , Xu          , Uh          , Uu^Uf       , Uu          , Uu^Uf       , Uu^Uf       , Xu          , Uh          , Uu          , Uh          , Uu          , Uu          , Uu          , Uu          , Uu^Uf       , Uu          , Xu          , Uu          , Rd          , Uu          , Uu          , Uu          , Uu          , Uu          , Qxu         , Qxu         , Qxu         , Qxu         , Qxu         , Qxu         , Qxu         , Qxu         , Qxu         , Qxu         , Qxu         , Qxu         
Xu          , Xu          , Xu          , Xu          , Uh          , Uu          , Uu          , Uu          , Uu          , Uu          , Xu          , Uh          , Uh          , Xu          , Xu          , Xu          , Uu          , Uu          , Uu          , Uu          , Uu          , Uu          , Uu          , Xu          , Uu          , Xu          , Uu          , Uu          , Qxu         , Qxu         , Qxu         , Qxu         , Qxu         , Qxu         , Qxu         , Qxu         , Qxu         , Qxu         , Qxu         , Qxu         
Xu          , Xu          , Xu          , Xu          , Uu          , Uu          , Uu          , Uu          , Uu          , Uu          , Uh          , Xu          , Xu          , Xu          , Xu          , Xu          , Xu          , Xu          , Xu          , Xu          , Uu          , Uu          , Uu          , Uu          , Uu          , Xu          , Xu          , Xu          , Qxu         , Qxu         , Qxu         , Qxu         , Qxu         , Qxu         , Qxu         , Qxu         , Qxu         , Qxu         , Qxu         , Qxu         
Mm          , Mm          , Xu          , Xu          , Uu          , Uu          , Uu          , Uu          , Uu          , Uh          , Xu          , Xu          , Xu          , Xu          , Xu          , Xu          , Xu          , Xu          , Xu          , Uu^Uf       , Xu          , Uu          , Uu          , Uu          , Xu          , Uh          , Xu          , Xu          , Uu          , Qxu         , Qxu         , Qxu         , Qxu         , Qxu         , Qxu         , Qxu         , Qxu         , Qxu         , Qxu         , Qxu         
Mm          , Mm          , Uh          , Re          , Ur          , Uh          , Uu          , Uu^Uf       , Uu^Uf       , Uh          , Xu          , Xu          , Xu          , Xu          , Xu          , Xu          , Xu          , Xu          , Uh          , Uh          , Uh          , Xu          , Xu          , Xu          , Uu          , Uu^Uf       , Uh          , Xu          , Uu          , Qxu         , Qxu         , Qxu         , Qxu         , Qxu         , Qxu         , Qxu         , Qxu         , Qxu         , Qxu         , Qxu         
Mm          , Mm          , Xu          , Xu          , Xu          , Xu          , Xu          , Xu          , Xu          , Xu          , Xu          , Xu          , Xu          , Xu          , Xu          , Xu          , Xu          , Xu          , Xu          , Xu          , Xu          , Xu          , Xu          , Xu          , Uu^Uf       , Xu          , Uh          , Xu          , Uu^Uf       , Uu          , Qxu         , Qxu         , Qxu         , Qxu         , Qxu         , Qxu         , Qxu         , Qxu         , Qxu         , Qxu         
Xu          , Xu          , Xu          , Xu          , Xu          , Xu          , Xu          , Xu          , Xu          , Xu          , Xu          , Xu          , Xu          , Xu          , Xu          , Xu          , Xu          , Xu          , Xu          , Xu          , Xu          , Xu          , Xu          , Xu          , Uu^Uf       , Xu          , Uh          , Xu          , Uu^Uf       , Uu          , Qxu         , Qxu         , Qxu         , Qxu         , Qxu         , Qxu         , Qxu         , Qxu         , Qxu         , Qxu         
Xu          , Xu          , Xu          , Xu          , Xu          , Xu          , Xu          , Xu          , Xu          , Xu          , Xu          , Xu          , Xu          , Xu          , Xu          , Xu          , Xu          , Xu          , Xu          , Xu          , Xu          , Xu          , Xu          , Xu          , Uu^Uf       , Xu          , Uh          , Xu          , Uu^Uf       , Uu          , Qxu         , Qxu         , Qxu         , Qxu         , Qxu         , Qxu         , Qxu         , Qxu         , Qxu         , Qxu         
